=== VERIFICACI├ôN DE CLASIFICACI├ôN ===

Caso ID: 1
Descripci├│n Original: MULTAS DE TRANSITO- ART.141 NO PORTAR LIC.COND. DOC. IDENT. VEHICULO O NEGAR /PR 1,000 11.088,00 11....
Art├¡culo Detectado: 170
Apartado Detectado: 
Resultado: CORRECTO
----------------------------------------
Caso ID: 2
Descripci├│n Original: MULTAS DE TRANSITO- ART.141 NO PORTAR LIC.COND. DOC. IDENT. VEHICULO O NEGAR /PR...
Art├¡culo Detectado: 141
Apartado Detectado: 
Resultado: CORRECTO
----------------------------------------
